// Jest Snapshot v1, https://goo.gl/fbAQLP

exports[`should test DashboardActivities component 1`] = `ShallowWrapper {}`;
