// Jest Snapshot v1, https://goo.gl/fbAQLP

exports[`should test Feedback component 1`] = `ShallowWrapper {}`;
