// Jest Snapshot v1, https://goo.gl/fbAQLP

exports[`should test Settings component 1`] = `ShallowWrapper {}`;
