// Jest Snapshot v1, https://goo.gl/fbAQLP

exports[`should test Support component 1`] = `ShallowWrapper {}`;
