// Jest Snapshot v1, https://goo.gl/fbAQLP

exports[`should test MainStackNavigator component 1`] = `
<StackNavigator
  screenOptions={
    Object {
      "headerShown": false,
    }
  }
>
  <Screen
    component={[Function]}
    name="Splash"
  />
</StackNavigator>
`;
