// Jest Snapshot v1, https://goo.gl/fbAQLP

exports[`should test CognitensorEndpoints component 1`] = `
CognitensorEndpoints {
  "api": [Function],
  "getDashboardList": [Function],
  "getUserDetails": [Function],
  "login": [Function],
  "signOut": [Function],
}
`;
