// Jest Snapshot v1, https://goo.gl/fbAQLP

exports[`should test Dashboards component 1`] = `ShallowWrapper {}`;
