// Jest Snapshot v1, https://goo.gl/fbAQLP

exports[`should test Notification component 1`] = `ShallowWrapper {}`;
