// Jest Snapshot v1, https://goo.gl/fbAQLP

exports[`should test Splash component 1`] = `ShallowWrapper {}`;
