// Jest Snapshot v1, https://goo.gl/fbAQLP

exports[`should test authReducer component 1`] = `undefined`;
