// Jest Snapshot v1, https://goo.gl/fbAQLP

exports[`should test DefaultScrollView component 1`] = `ShallowWrapper {}`;
