// Jest Snapshot v1, https://goo.gl/fbAQLP

exports[`should test CognitensorAsyncStorageService component 1`] = `undefined`;
