// Jest Snapshot v1, https://goo.gl/fbAQLP

exports[`should test AppHeader component 1`] = `ShallowWrapper {}`;
