// Jest Snapshot v1, https://goo.gl/fbAQLP

exports[`renders DashboardHeader component 1`] = `
<View
  style={
    Object {
      "padding": 16,
    }
  }
>
  <Text
    style={
      Object {
        "fontSize": 18,
        "letterSpacing": 0.5,
      }
    }
  />
</View>
`;
