// Jest Snapshot v1, https://goo.gl/fbAQLP

exports[`should test DashboardListCard component 1`] = `ShallowWrapper {}`;
